// Jest Snapshot v1, https://goo.gl/fbAQLP

exports[`Should correctly render LoginPage 1`] = `
<div
  className="box-layout"
>
  <div
    className="box-layout__box"
  >
    <h1
      className="box-layout__title"
    >
      Expensify
    </h1>
    <p>
      It's time to get your expenses under control
    </p>
    <button
      className="button button--google"
      onClick={[Function]}
    >
      Login with Google
    </button>
  </div>
</div>
`;
